// Vitest Snapshot v1

exports[`renders without crashing isPlayer true 1`] = `<div />`;

exports[`shows a mock chain link summary 1`] = `
<div>
  <div>
    <div
      class="_emptyOutside_1e6509"
    >
      <div
        class="_cardListBox_1e6509"
      >
        <div
          class="_cardListTitleContainer_1e6509"
        >
          <div
            class="_cardListTitle_1e6509"
          >
            <h3
              class="_title_1e6509"
            >
              Chain Link Summary
            </h3>
          </div>
          <div
            class="_cardListCloseIcon_1e6509"
          >
            <svg
              fill="currentColor"
              height="1em"
              stroke="currentColor"
              stroke-width="0"
              viewBox="0 0 352 512"
              width="1em"
              xmlns="http://www.w3.org/2000/svg"
            >
              <title>
                close dialog
              </title>
              <path
                d="M242.72 256l100.07-100.07c12.28-12.28 12.28-32.19 0-44.48l-22.24-22.24c-12.28-12.28-32.19-12.28-44.48 0L176 189.28 75.93 89.21c-12.28-12.28-32.19-12.28-44.48 0L9.21 111.45c-12.28 12.28-12.28 32.19 0 44.48L109.28 256 9.21 356.07c-12.28 12.28-12.28 32.19 0 44.48l22.24 22.24c12.28 12.28 32.2 12.28 44.48 0L176 322.72l100.07 100.07c12.28 12.28 32.2 12.28 44.48 0l22.24-22.24c12.28-12.28 12.28-32.19 0-44.48L242.72 256z"
              />
            </svg>
          </div>
        </div>
        <div
          class="_cardListContents_1e6509"
        >
          <div>
            Total Damage: 
          </div>
          <table
            class="_table_1e6509"
          >
            <thead>
              <tr>
                <th
                  class="_leftColumn_1e6509"
                />
                <th
                  class="_midColumn_1e6509"
                >
                  Card
                </th>
                <th
                  class="_rightColumn_1e6509"
                >
                  Effect
                </th>
              </tr>
            </thead>
            <tbody>
              <tr>
                <td
                  class="_column_1e6509"
                >
                  <div
                    class="_effect_159bb8"
                  >
                    <img
                      class="_img_159bb8"
                      src="/crops/ARC030_cropped.png"
                    />
                  </div>
                </td>
                <td
                  class="_column_1e6509"
                >
                  <span
                    class="_cardText_1b6faf"
                  >
                    Zipper Hit
                  </span>
                </td>
                <td
                  class="_column_1e6509"
                >
                  +
                  4
                </td>
              </tr>
            </tbody>
          </table>
        </div>
      </div>
    </div>
  </div>
</div>
`;
